#globbing matching
hacker@globbing~matching-with-:/bin$ cd
hacker@globbing~matching-with-:~$ /ch*
ssh-entrypoint: /challenge: Is a directory
hacker@globbing~matching-with-:~$ cd /ch*
hacker@globbing~matching-with-:/challenge$ /challenge/run
You ran me with the working directory of /challenge! Here is your flag:
pwn.college{QyPi4IvkUIh6LxpgbnlrPga93XC.dFjM4QDL3EzN0czW}
hacker@globbing~matching-with-:/challenge$ 


#matching with ?


hacker@globbing~matching-with-:~$ cd /?ha??enge
hacker@globbing~matching-with-:/challenge$ /challenge/run
You ran me with the working directory of /challenge! Here is your flag:
pwn.college{IykWsJiwyeh7JE4WOjgu6r4z3_M.dJjM4QDL3EzN0czW}

#matching with []
hacker@globbing~matching-with-:~$ cd challenge/files
ssh-entrypoint: cd: challenge/files: No such file or directory
hacker@globbing~matching-with-:~$ cd  /challenge/files
hacker@globbing~matching-with-:/challenge/files$ /challenge/run files_[bash]
Your expansion did not expand to the requested files (file_a, file_b, file_h, 
and file_s). Instead, it expanded to:
files_[bash]
hacker@globbing~matching-with-:/challenge/files$ /challenge/run file_[bash]
You got it! Here is your flag!
pwn.college{sXq7lZdwGzPDCPrMJRGWG1gwUll.dNjM4QDL3EzN0czW}


#mixing globs 
hacker@globbing~mixing-globs:~$ cd /cha/*
ssh-entrypoint: cd: /cha/*: No such file or directory
hacker@globbing~mixing-globs:~$ /cha*
ssh-entrypoint: /challenge: Is a directory
hacker@globbing~mixing-globs:~$ cd /*ge/*s
hacker@globbing~mixing-globs:/challenge/files$ /challenge/run [cep]
Your expansion did not expand to the requested files (challenging, educational, 
pwning). Instead, it expanded to:
[cep]
hacker@globbing~mixing-globs:/challenge/files$ /challenge/run [cep]*
You got it! Here is your flag!
pwn.college{IQtLKpni-D8Y31accMADsmmaBM0.dVjM4QDL3EzN0czW}
hacker@globbing~mixing-globs:/challenge/files$ 

#exclusionary-globbing
