#learning from documentaries 

hacker@man~learning-from-documentation:~$ --giveflag
ssh-entrypoint: --giveflag: command not found
hacker@man~learning-from-documentation:~$ /challenge/challenge
Incorrect usage! You must pass an argument to me (read the challenge 
description for details).
hacker@man~learning-from-documentation:~$ --giveflag /challenge/challenge
ssh-entrypoint: --giveflag: command not found
hacker@man~learning-from-documentation:~$ /challenge/challenge --giveflag
Correct argument! Here is your flag:
pwn.college{s9kOv6-8mEllFwJ6hk0PH9vHjuO.dRjM5QDL3EzN0czW}
hacker@man~learning-from-documentation:~$ 


#learning complex usauage 
hacker@man~learning-complex-usage:~$ /challenge/challenge --printfile /flag
Correct argument! Here is the /flag file:
pwn.college{Qncf86gLrxK7NnchTKy9mXoXlYT.dVjM5QDL3EzN0czW}
hacker@man~learning-complex-usage:~$ 



# reading manuals 


hacker@man~reading-manuals:~$ man challenge

CHALLENGE(1)                         Challenge Commands                         CHALLENGE(1)

NAME
       /challenge/challenge - print the flag!

SYNOPSIS
       challenge OPTION

DESCRIPTION
       Output the flag when called with the right arguments.

       --fortune
              read a fortune

       --version
              output version information and exit

       --soipxw NUM
              print the flag if NUM is 046

AUTHOR
       Written by Zardus.

REPORTING BUGS
       The repository for this dojo: <https://github.com/pwncollege/linux-luminarium/>

SEE ALSO
       man(1) bash-builtins(7)

pwn.college                               May 2024                              CHALLENGE(1)
hacker@man~reading-manuals:~$ /challenge/challenge --soipxw 046
Correct usage! Your flag: pwn.college{Is0XoK468Nip8Qxw7pgkfSbjhrh.dRTM4QDL3EzN0czW}
hacker@man~reading-manuals:~$ 






#searching manual 



hacker@man~searching-manuals:~$ man challenge
hacker@man~searching-manuals:~$ 
hacker@man~searching-manuals:~$ man challenge 
hacker@man~searching-manuals:~$ /challenge/challenge --shz
Initializing...
Correct usage! Your flag: pwn.college{sFJ_JzLfk34sFQzYtYh5TEj_RVI.dVTM4QDL3EzN0czW}
hacker@man~searching-manuals:~$
